{
    "reconst - fodf_msmt": {
        "content": [
            "test__wm_fodf.nii.gz",
            "test__gm_fodf.nii.gz",
            "test__csf_fodf.nii.gz",
            "test__vf.nii.gz",
            "test__vf_rgb.nii.gz",
            "test__peaks.nii.gz",
            "test__peak_values.nii.gz",
            "test__peak_indices.nii.gz",
            "test__afd_max.nii.gz",
            "test__afd_total.nii.gz",
            "test__afd_sum.nii.gz",
            "test__nufo.nii.gz"
        ],
        "meta": {
            "nf-test": "0.8.4",
            "nextflow": "23.10.1"
        },
        "timestamp": "2024-05-07T17:04:27.988184"
    },
    "reconst - fodf": {
        "content": [
            {
                "0": [
                    [
                        {
                            "id": "test"
                        },
                        "test__fodf.nii.gz:md5,f94c6151c96a7142358b733db1dae6ff"
                    ]
                ],
                "1": [
                    
                ],
                "10": [
                    [
                        {
                            "id": "test"
                        },
                        "test__afd_total.nii.gz:md5,dd6ee8c2639d5c42b3fb76b3e16480d3"
                    ]
                ],
                "11": [
                    [
                        {
                            "id": "test"
                        },
                        "test__afd_sum.nii.gz:md5,38c51a26430e5d863e80fe123c2f5d94"
                    ]
                ],
                "12": [
                    [
                        {
                            "id": "test"
                        },
                        "test__nufo.nii.gz:md5,287e21043e072ff6e1da5c4bba63a2a0"
                    ]
                ],
                "13": [
                    
                ],
                "14": [
                    "versions.yml:md5,8f5a73278d63aac3bf8073c5d0ef488b"
                ],
                "2": [
                    
                ],
                "3": [
                    
                ],
                "4": [
                    
                ],
                "5": [
                    
                ],
                "6": [
                    [
                        {
                            "id": "test"
                        },
                        "test__peaks.nii.gz:md5,c43c6b9ff76e8b1f57a73639174f8c2b"
                    ]
                ],
                "7": [
                    [
                        {
                            "id": "test"
                        },
                        "test__peak_values.nii.gz:md5,acacabfbd7e211331b842c8cc80652d2"
                    ]
                ],
                "8": [
                    [
                        {
                            "id": "test"
                        },
                        "test__peak_indices.nii.gz:md5,a15cc555ac28383b49a5a880821f7e32"
                    ]
                ],
                "9": [
                    [
                        {
                            "id": "test"
                        },
                        "test__afd_max.nii.gz:md5,d62afc8746941d0a2ad65c67c1d28aab"
                    ]
                ],
                "afd_max": [
                    [
                        {
                            "id": "test"
                        },
                        "test__afd_max.nii.gz:md5,d62afc8746941d0a2ad65c67c1d28aab"
                    ]
                ],
                "afd_sum": [
                    [
                        {
                            "id": "test"
                        },
                        "test__afd_sum.nii.gz:md5,38c51a26430e5d863e80fe123c2f5d94"
                    ]
                ],
                "afd_total": [
                    [
                        {
                            "id": "test"
                        },
                        "test__afd_total.nii.gz:md5,dd6ee8c2639d5c42b3fb76b3e16480d3"
                    ]
                ],
                "csf_fodf": [
                    
                ],
                "fodf": [
                    [
                        {
                            "id": "test"
                        },
                        "test__fodf.nii.gz:md5,f94c6151c96a7142358b733db1dae6ff"
                    ]
                ],
                "gm_fodf": [
                    
                ],
                "nufo": [
                    [
                        {
                            "id": "test"
                        },
                        "test__nufo.nii.gz:md5,287e21043e072ff6e1da5c4bba63a2a0"
                    ]
                ],
                "peak_indices": [
                    [
                        {
                            "id": "test"
                        },
                        "test__peak_indices.nii.gz:md5,a15cc555ac28383b49a5a880821f7e32"
                    ]
                ],
                "peak_values": [
                    [
                        {
                            "id": "test"
                        },
                        "test__peak_values.nii.gz:md5,acacabfbd7e211331b842c8cc80652d2"
                    ]
                ],
                "peaks": [
                    [
                        {
                            "id": "test"
                        },
                        "test__peaks.nii.gz:md5,c43c6b9ff76e8b1f57a73639174f8c2b"
                    ]
                ],
                "vent_mask": [
                    
                ],
                "versions": [
                    "versions.yml:md5,8f5a73278d63aac3bf8073c5d0ef488b"
                ],
                "vf": [
                    
                ],
                "vf_rgb": [
                    
                ],
                "wm_fodf": [
                    
                ]
            }
        ],
        "meta": {
            "nf-test": "0.9.0",
            "nextflow": "24.04.4"
        },
        "timestamp": "2024-09-28T04:32:21.031408357"
    },
    "reconst - fodf_no_metrics": {
        "content": [
            {
                "0": [
                    [
                        {
                            "id": "test"
                        },
                        "test__fodf.nii.gz:md5,f94c6151c96a7142358b733db1dae6ff"
                    ]
                ],
                "1": [
                    
                ],
                "10": [
                    
                ],
                "11": [
                    
                ],
                "12": [
                    
                ],
                "13": [
                    
                ],
                "14": [
                    "versions.yml:md5,8f5a73278d63aac3bf8073c5d0ef488b"
                ],
                "2": [
                    
                ],
                "3": [
                    
                ],
                "4": [
                    
                ],
                "5": [
                    
                ],
                "6": [
                    
                ],
                "7": [
                    
                ],
                "8": [
                    
                ],
                "9": [
                    
                ],
                "afd_max": [
                    
                ],
                "afd_sum": [
                    
                ],
                "afd_total": [
                    
                ],
                "csf_fodf": [
                    
                ],
                "fodf": [
                    [
                        {
                            "id": "test"
                        },
                        "test__fodf.nii.gz:md5,f94c6151c96a7142358b733db1dae6ff"
                    ]
                ],
                "gm_fodf": [
                    
                ],
                "nufo": [
                    
                ],
                "peak_indices": [
                    
                ],
                "peak_values": [
                    
                ],
                "peaks": [
                    
                ],
                "vent_mask": [
                    
                ],
                "versions": [
                    "versions.yml:md5,8f5a73278d63aac3bf8073c5d0ef488b"
                ],
                "vf": [
                    
                ],
                "vf_rgb": [
                    
                ],
                "wm_fodf": [
                    
                ]
            }
        ],
        "meta": {
            "nf-test": "0.9.0",
            "nextflow": "24.04.4"
        },
        "timestamp": "2024-09-28T04:34:12.890732726"
    },
    "reconst - fodf_with_shells": {
        "content": [
            {
                "0": [
                    [
                        {
                            "id": "test"
                        },
                        "test__fodf.nii.gz:md5,0119a6434e7071e79c6a7e0ed3efc9ff"
                    ]
                ],
                "1": [
                    
                ],
                "10": [
                    [
                        {
                            "id": "test"
                        },
                        "test__afd_total.nii.gz:md5,dd31d2dbc26cad336b9bebb50859c455"
                    ]
                ],
                "11": [
                    [
                        {
                            "id": "test"
                        },
                        "test__afd_sum.nii.gz:md5,8f49b22752893a853a370febbb5ef20e"
                    ]
                ],
                "12": [
                    [
                        {
                            "id": "test"
                        },
                        "test__nufo.nii.gz:md5,ca61063e3a0bd3298d04036ac68550be"
                    ]
                ],
                "13": [
                    
                ],
                "14": [
                    "versions.yml:md5,8f5a73278d63aac3bf8073c5d0ef488b"
                ],
                "2": [
                    
                ],
                "3": [
                    
                ],
                "4": [
                    
                ],
                "5": [
                    
                ],
                "6": [
                    [
                        {
                            "id": "test"
                        },
                        "test__peaks.nii.gz:md5,ab6c5babe490dce41364254bb0922d6a"
                    ]
                ],
                "7": [
                    [
                        {
                            "id": "test"
                        },
                        "test__peak_values.nii.gz:md5,529a435abffdea180ff6cbbf68938399"
                    ]
                ],
                "8": [
                    [
                        {
                            "id": "test"
                        },
                        "test__peak_indices.nii.gz:md5,b8691332d9e098803df2e504cef769c5"
                    ]
                ],
                "9": [
                    [
                        {
                            "id": "test"
                        },
                        "test__afd_max.nii.gz:md5,40d9d41ac1e6fd13d9a78807713ec282"
                    ]
                ],
                "afd_max": [
                    [
                        {
                            "id": "test"
                        },
                        "test__afd_max.nii.gz:md5,40d9d41ac1e6fd13d9a78807713ec282"
                    ]
                ],
                "afd_sum": [
                    [
                        {
                            "id": "test"
                        },
                        "test__afd_sum.nii.gz:md5,8f49b22752893a853a370febbb5ef20e"
                    ]
                ],
                "afd_total": [
                    [
                        {
                            "id": "test"
                        },
                        "test__afd_total.nii.gz:md5,dd31d2dbc26cad336b9bebb50859c455"
                    ]
                ],
                "csf_fodf": [
                    
                ],
                "fodf": [
                    [
                        {
                            "id": "test"
                        },
                        "test__fodf.nii.gz:md5,0119a6434e7071e79c6a7e0ed3efc9ff"
                    ]
                ],
                "gm_fodf": [
                    
                ],
                "nufo": [
                    [
                        {
                            "id": "test"
                        },
                        "test__nufo.nii.gz:md5,ca61063e3a0bd3298d04036ac68550be"
                    ]
                ],
                "peak_indices": [
                    [
                        {
                            "id": "test"
                        },
                        "test__peak_indices.nii.gz:md5,b8691332d9e098803df2e504cef769c5"
                    ]
                ],
                "peak_values": [
                    [
                        {
                            "id": "test"
                        },
                        "test__peak_values.nii.gz:md5,529a435abffdea180ff6cbbf68938399"
                    ]
                ],
                "peaks": [
                    [
                        {
                            "id": "test"
                        },
                        "test__peaks.nii.gz:md5,ab6c5babe490dce41364254bb0922d6a"
                    ]
                ],
                "vent_mask": [
                    
                ],
                "versions": [
                    "versions.yml:md5,8f5a73278d63aac3bf8073c5d0ef488b"
                ],
                "vf": [
                    
                ],
                "vf_rgb": [
                    
                ],
                "wm_fodf": [
                    
                ]
            }
        ],
        "meta": {
            "nf-test": "0.9.0",
            "nextflow": "24.04.4"
        },
        "timestamp": "2024-09-28T04:33:32.475540561"
    }
}