{
    "registration - ants": {
        "content": [
            {
                "0": [
                    [
                        {
                            "id": "test",
                            "single_end": false
                        },
                        "test__warped.nii.gz:md5,0a168333223cee2bec647457645ec0fb"
                    ]
                ],
                "1": [
                    [
                        {
                            "id": "test",
                            "single_end": false
                        },
                        [
                            "test__output0Warp.nii.gz:md5,416be1ff76417ee4cdbfe12f0926854b",
                            "test__output1GenericAffine.mat:md5,99d55c24b7538e6b751e333511378fcb"
                        ]
                    ]
                ],
                "2": [
                    [
                        {
                            "id": "test",
                            "single_end": false
                        },
                        [
                            "test__output0InverseAffine.mat:md5,8c1de5c088e140e077398807eed2f579",
                            "test__output1InverseWarp.nii.gz:md5,f056ff8c7dd2db3175fec74ea2485e7b"
                        ]
                    ]
                ],
                "3": [
                    "versions.yml:md5,e1ac7994c0f0169d932e94c6e97a4894"
                ],
                "image": [
                    [
                        {
                            "id": "test",
                            "single_end": false
                        },
                        "test__warped.nii.gz:md5,0a168333223cee2bec647457645ec0fb"
                    ]
                ],
                "transfo_image": [
                    [
                        {
                            "id": "test",
                            "single_end": false
                        },
                        [
                            "test__output0Warp.nii.gz:md5,416be1ff76417ee4cdbfe12f0926854b",
                            "test__output1GenericAffine.mat:md5,99d55c24b7538e6b751e333511378fcb"
                        ]
                    ]
                ],
                "transfo_trk": [
                    [
                        {
                            "id": "test",
                            "single_end": false
                        },
                        [
                            "test__output0InverseAffine.mat:md5,8c1de5c088e140e077398807eed2f579",
                            "test__output1InverseWarp.nii.gz:md5,f056ff8c7dd2db3175fec74ea2485e7b"
                        ]
                    ]
                ],
                "versions": [
                    "versions.yml:md5,e1ac7994c0f0169d932e94c6e97a4894"
                ]
            }
        ],
        "meta": {
            "nf-test": "0.9.0",
            "nextflow": "24.04.4"
        },
        "timestamp": "2024-09-29T03:12:27.501585411"
    },
    "registration - ants - quick": {
        "content": [
            {
                "0": [
                    [
                        {
                            "id": "test",
                            "single_end": false
                        },
                        "test__warped.nii.gz:md5,2e7f87575007e57881864fcb20086cbb"
                    ]
                ],
                "1": [
                    [
                        {
                            "id": "test",
                            "single_end": false
                        },
                        [
                            "test__output0Warp.nii.gz:md5,e87f55e0a7562292582bb768dbe4feb4",
                            "test__output1GenericAffine.mat:md5,79ca56993d673c37553139fd0d8a87cc"
                        ]
                    ]
                ],
                "2": [
                    [
                        {
                            "id": "test",
                            "single_end": false
                        },
                        [
                            "test__output0InverseAffine.mat:md5,0b6d35c62e0374c467808f810091dcac",
                            "test__output1InverseWarp.nii.gz:md5,3532a01eb3f045e260f88fcec42c6a67"
                        ]
                    ]
                ],
                "3": [
                    "versions.yml:md5,e1ac7994c0f0169d932e94c6e97a4894"
                ],
                "image": [
                    [
                        {
                            "id": "test",
                            "single_end": false
                        },
                        "test__warped.nii.gz:md5,2e7f87575007e57881864fcb20086cbb"
                    ]
                ],
                "transfo_image": [
                    [
                        {
                            "id": "test",
                            "single_end": false
                        },
                        [
                            "test__output0Warp.nii.gz:md5,e87f55e0a7562292582bb768dbe4feb4",
                            "test__output1GenericAffine.mat:md5,79ca56993d673c37553139fd0d8a87cc"
                        ]
                    ]
                ],
                "transfo_trk": [
                    [
                        {
                            "id": "test",
                            "single_end": false
                        },
                        [
                            "test__output0InverseAffine.mat:md5,0b6d35c62e0374c467808f810091dcac",
                            "test__output1InverseWarp.nii.gz:md5,3532a01eb3f045e260f88fcec42c6a67"
                        ]
                    ]
                ],
                "versions": [
                    "versions.yml:md5,e1ac7994c0f0169d932e94c6e97a4894"
                ]
            }
        ],
        "meta": {
            "nf-test": "0.9.0",
            "nextflow": "24.04.4"
        },
        "timestamp": "2024-09-29T03:13:28.329254222"
    },
    "registration - ants - options": {
        "content": [
            {
                "0": [
                    [
                        {
                            "id": "test",
                            "single_end": false
                        },
                        "test__warped.nii.gz:md5,067539cdd74a83e64ad82a982a75004b"
                    ]
                ],
                "1": [
                    [
                        {
                            "id": "test",
                            "single_end": false
                        },
                        "test__output1GenericAffine.mat:md5,cb993b9c8e42b9bd97c5ebfc66c0b6a8"
                    ]
                ],
                "2": [
                    [
                        {
                            "id": "test",
                            "single_end": false
                        },
                        "test__output0InverseAffine.mat:md5,7fdaa1cef0b3b808350aae1c7465897a"
                    ]
                ],
                "3": [
                    "versions.yml:md5,e1ac7994c0f0169d932e94c6e97a4894"
                ],
                "image": [
                    [
                        {
                            "id": "test",
                            "single_end": false
                        },
                        "test__warped.nii.gz:md5,067539cdd74a83e64ad82a982a75004b"
                    ]
                ],
                "transfo_image": [
                    [
                        {
                            "id": "test",
                            "single_end": false
                        },
                        "test__output1GenericAffine.mat:md5,cb993b9c8e42b9bd97c5ebfc66c0b6a8"
                    ]
                ],
                "transfo_trk": [
                    [
                        {
                            "id": "test",
                            "single_end": false
                        },
                        "test__output0InverseAffine.mat:md5,7fdaa1cef0b3b808350aae1c7465897a"
                    ]
                ],
                "versions": [
                    "versions.yml:md5,e1ac7994c0f0169d932e94c6e97a4894"
                ]
            }
        ],
        "meta": {
            "nf-test": "0.9.0",
            "nextflow": "24.04.4"
        },
        "timestamp": "2024-09-29T03:13:48.116869405"
    }
}