{
    "betcrop - antsbet": {
        "content": [
            {
                "0": [
                    [
                        {
                            "id": "test"
                        },
                        "test__t1_bet.nii.gz:md5,04a43c007ef541fee5ea75e0889b5249"
                    ]
                ],
                "1": [
                    [
                        {
                            "id": "test"
                        },
                        "test__t1_bet_mask.nii.gz:md5,db550d8e5d087b58606130c525f394d0"
                    ]
                ],
                "2": [
                    "versions.yml:md5,e7d67d24efb0a133d53537fed65516de"
                ],
                "mask": [
                    [
                        {
                            "id": "test"
                        },
                        "test__t1_bet_mask.nii.gz:md5,db550d8e5d087b58606130c525f394d0"
                    ]
                ],
                "t1": [
                    [
                        {
                            "id": "test"
                        },
                        "test__t1_bet.nii.gz:md5,04a43c007ef541fee5ea75e0889b5249"
                    ]
                ],
                "versions": [
                    "versions.yml:md5,e7d67d24efb0a133d53537fed65516de"
                ]
            }
        ],
        "meta": {
            "nf-test": "0.9.0",
            "nextflow": "24.04.4"
        },
        "timestamp": "2024-09-27T02:43:24.556573"
    }
}